// Jest Snapshot v1, https://goo.gl/fbAQLP

exports[`TaskListItem.vue renders correct contents 1`] = `
"<li class=\\"task\\"><input type=\\"checkbox\\"> <label>
    ( 0 /<span contenteditable=\\"true\\">
    5
    </span>)
    <span contenteditable=\\"true\\">
      今日も一日かんばるぞい</span> <a href=\\"#\\">[x]</a></label></li>"
`;
